java = java.lang 
moc = cpp.lang
cpp = cpp.lang
c = c.lang
m = c.lang
C = cpp.lang
cc = cpp.lang
mm = cpp.lang
cs = csharp.lang
csharp = csharp.lang
h = cpp.lang
hh = cpp.lang
H = cpp.lang
hpp = cpp.lang
javascript = javascript.lang
js = javascript.lang
json = javascript.lang
prolog = prolog.lang
pl = prolog.lang
perl = perl.lang
pm = perl.lang
php3 = php.lang
php4 = php.lang
php5 = php.lang
php = php.lang
ctp = php.lang
protobuf = proto.lang
proto = proto.lang
python = python.lang
py = python.lang
ruby = ruby.lang
rb = ruby.lang
flex = flex.lang
lex = flex.lang
l = flex.lang
ll = flex.lang
bison = bison.lang
yacc = bison.lang
y = bison.lang
yy = bison.lang
changelog = changelog.lang
lua = lua.lang
ml = caml.lang
caml = caml.lang
mli = caml.lang
sml = sml.lang
sig = sml.lang
syslog = log.lang
log = log.lang
pas = pascal.lang
pascal = pascal.lang 	
fortran = fortran.lang
free-fortran = fortran.lang
fixed-fortran = fixed-fortran.lang
html = html.lang
htm = html.lang
tex = latex.lang
latex = latex.lang
cls = latex.lang
sty = latex.lang
dtx = latex.lang
lgt = logtalk.lang
logtalk = logtalk.lang
diff = diff.lang
patch = diff.lang
lang = langdef.lang
langdef = langdef.lang
outlang = outlang.lang
style = style.lang
ps = postscript.lang
eps = postscript.lang
postscript = postscript.lang
kcfg = xml.lang
ui = xml.lang
kdevelop = xml.lang
rc = xml.lang
docbook = xml.lang
kidl = xml.lang
xml = xml.lang
xhtml = xml.lang
bash = sh.lang
sh = sh.lang
csh = sh.lang
ksh = sh.lang
tcsh = sh.lang
shell = sh.lang
tcl = tcl.lang
tk = tcl.lang
txt = nohilite.lang
sql = sql.lang
bib = bib.lang
makefile = makefile.lang
am = makefile.lang
in = makefile.lang
css = css.lang
m4 = m4.lang
ac = m4.lang
autoconf = m4.lang
sl = slang.lang
slsh = slang.lang
slang = slang.lang
properties = properties.lang
desktop = desktop.lang
ini = desktop.lang
conf = conf.lang
lsm = lsm.lang
spec = spec.lang
haxe = haxe.lang
hx = haxe.lang
ldap = ldap.lang
ldif = ldap.lang
glsl = glsl.lang
xorg = xorg.lang
scala = scala.lang
ada = ada.lang
adb = ada.lang
pc = pc.lang
pkgconfig = pc.lang
oz = oz.lang
texinfo = texinfo.lang
texi = texinfo.lang
hs = haskell.lang
hs = haskell.lang
lhs = haskell_literate.lang
haskell = haskell.lang
manifest = manifest.lang
mf = manifest.lang
asm = asm.lang
s = asm.lang
applescript = applescript.lang
scpt = applescript.lang
vbscript = vbscript.lang
vbs = vbscript.lang
awk = awk.lang
bat = bat.lang
batch = bat.lang
clipper = clipper.lang
prg = clipper.lang
cbl = cobol.lang
cobol = cobol.lang
dmd = d.lang
d = d.lang
errors = errors.lang
erl = erlang.lang
erlang = erlang.lang
vala = vala.lang
lisp = lisp.lang
scm = scheme.lang
scheme = scheme.lang